// Jest Snapshot v1, https://goo.gl/fbAQLP

exports[`renders correctly 1`] = `
<div
  className="App"
>
  <div
    className="Header"
  >
    <h1>
      Note App
    </h1>
  </div>
  <div
    className="Notes"
  >
    <input
      className="form-control"
      id="addNoteTitle"
      onClick={[Function]}
      onKeyDown={[Function]}
      placeholder="add new note"
      type="text"
    />
    <div
      aria-expanded={null}
      className="collapse"
    >
      <input
        className="form-control"
        id="addNoteContent"
        onKeyDown={[Function]}
        placeholder="content"
        type="text"
      />
    </div>
    <button
      className="btn btn-default"
      id="addNoteButton"
      onClick={[Function]}
      type="button"
    >
      Add
    </button>
    <div>
      <div
        className="Note"
      >
        <div
          className="noteData"
          onClick={[Function]}
        >
          <h4>
            Hello World!
          </h4>
          <p>
            Today is gonna be a good day!
          </p>
        </div>
        <div
          className="removeIcon"
          onClick={[Function]}
        >
          <span
            aria-hidden={true}
            className="fa fa-remove"
          />
        </div>
      </div>
    </div>
  </div>
  <div
    className="Footer"
  >
    by David
  </div>
</div>
`;
